------------------------------------------------------------
TimeQuest Timing Analyzer Summary
------------------------------------------------------------

Type  : Slow 1200mV 85C Model Setup 'clk'
Slack : -6.053
TNS   : -1064.319

Type  : Slow 1200mV 85C Model Setup 'rst_n'
Slack : -1.816
TNS   : -25.835

Type  : Slow 1200mV 85C Model Hold 'clk'
Slack : 0.303
TNS   : 0.000

Type  : Slow 1200mV 85C Model Hold 'rst_n'
Slack : 0.540
TNS   : 0.000

Type  : Slow 1200mV 85C Model Recovery 'clk'
Slack : 0.118
TNS   : 0.000

Type  : Slow 1200mV 85C Model Removal 'clk'
Slack : -0.161
TNS   : -62.590

Type  : Slow 1200mV 85C Model Minimum Pulse Width 'clk'
Slack : -3.000
TNS   : -669.176

Type  : Slow 1200mV 85C Model Minimum Pulse Width 'rst_n'
Slack : -3.000
TNS   : -3.000

Type  : Slow 1200mV 0C Model Setup 'clk'
Slack : -5.655
TNS   : -960.472

Type  : Slow 1200mV 0C Model Setup 'rst_n'
Slack : -1.620
TNS   : -22.229

Type  : Slow 1200mV 0C Model Hold 'clk'
Slack : 0.269
TNS   : 0.000

Type  : Slow 1200mV 0C Model Hold 'rst_n'
Slack : 0.484
TNS   : 0.000

Type  : Slow 1200mV 0C Model Recovery 'clk'
Slack : 0.185
TNS   : 0.000

Type  : Slow 1200mV 0C Model Removal 'clk'
Slack : -0.151
TNS   : -58.864

Type  : Slow 1200mV 0C Model Minimum Pulse Width 'clk'
Slack : -3.000
TNS   : -669.176

Type  : Slow 1200mV 0C Model Minimum Pulse Width 'rst_n'
Slack : -3.000
TNS   : -3.000

Type  : Fast 1200mV 0C Model Setup 'clk'
Slack : -1.992
TNS   : -228.935

Type  : Fast 1200mV 0C Model Setup 'rst_n'
Slack : -0.362
TNS   : -1.639

Type  : Fast 1200mV 0C Model Hold 'clk'
Slack : 0.061
TNS   : 0.000

Type  : Fast 1200mV 0C Model Hold 'rst_n'
Slack : 0.221
TNS   : 0.000

Type  : Fast 1200mV 0C Model Recovery 'clk'
Slack : -0.061
TNS   : -22.867

Type  : Fast 1200mV 0C Model Removal 'clk'
Slack : -0.110
TNS   : -42.903

Type  : Fast 1200mV 0C Model Minimum Pulse Width 'clk'
Slack : -3.000
TNS   : -475.709

Type  : Fast 1200mV 0C Model Minimum Pulse Width 'rst_n'
Slack : -3.000
TNS   : -3.000

------------------------------------------------------------
